app/(tabs)/_layout.tsx(1,22): error TS2307: Cannot find module 'expo-router' or its corresponding type declarations.
app/(tabs)/_layout.tsx(2,19): error TS2307: Cannot find module 'react' or its corresponding type declarations.
app/(tabs)/_layout.tsx(15,32): error TS7053: Element implicitly has an 'any' type because expression of type 'any' can't be used to index type '{ light: { text: string; background: string; tint: string; icon: string; tabIconDefault: string; tabIconSelected: string; }; dark: { text: string; background: string; tint: string; icon: string; tabIconDefault: string; tabIconSelected: string; }; }'.
app/(tabs)/_layout.tsx(23,26): error TS7031: Binding element 'color' implicitly has an 'any' type.
app/(tabs)/_layout.tsx(30,26): error TS7031: Binding element 'color' implicitly has an 'any' type.
app/(tabs)/explore.tsx(1,23): error TS2307: Cannot find module 'expo-image' or its corresponding type declarations.
app/(tabs)/explore.tsx(2,38): error TS2307: Cannot find module 'react-native' or its corresponding type declarations.
app/(tabs)/index.tsx(1,50): error TS2307: Cannot find module 'react-native' or its corresponding type declarations.
app/(tabs)/index.tsx(2,26): error TS2307: Cannot find module 'react' or its corresponding type declarations.
app/(tabs)/index.tsx(3,30): error TS2307: Cannot find module 'react-native-safe-area-context' or its corresponding type declarations.
app/(tabs)/index.tsx(55,19): error TS2322: Type '{ key: number; type: "completed"; title: string; points: number; dateCompleted: string; onPress: () => void; }' is not assignable to type 'ChallengeCardProps'.
  Property 'key' does not exist on type 'ChallengeCardProps'.
app/_layout.tsx(1,56): error TS2307: Cannot find module '@react-navigation/native' or its corresponding type declarations.
app/_layout.tsx(2,23): error TS2307: Cannot find module 'expo-router' or its corresponding type declarations.
app/_layout.tsx(3,27): error TS2307: Cannot find module 'expo-status-bar' or its corresponding type declarations.
app/_layout.tsx(4,50): error TS2307: Cannot find module '@tanstack/react-query' or its corresponding type declarations.
app/_layout.tsx(5,26): error TS2307: Cannot find module 'react' or its corresponding type declarations.
app/modal.tsx(1,22): error TS2307: Cannot find module 'expo-router' or its corresponding type declarations.
app/modal.tsx(2,28): error TS2307: Cannot find module 'react-native' or its corresponding type declarations.
components/external-link.tsx(1,28): error TS2307: Cannot find module 'expo-router' or its corresponding type declarations.
components/external-link.tsx(2,63): error TS2307: Cannot find module 'expo-web-browser' or its corresponding type declarations.
components/external-link.tsx(3,37): error TS2307: Cannot find module 'react' or its corresponding type declarations.
components/external-link.tsx(13,23): error TS7006: Parameter 'event' implicitly has an 'any' type.
components/haptic-tab.tsx(1,41): error TS2307: Cannot find module '@react-navigation/bottom-tabs' or its corresponding type declarations.
components/haptic-tab.tsx(2,35): error TS2307: Cannot find module '@react-navigation/elements' or its corresponding type declarations.
components/haptic-tab.tsx(3,26): error TS2307: Cannot find module 'expo-haptics' or its corresponding type declarations.
components/haptic-tab.tsx(9,19): error TS7006: Parameter 'ev' implicitly has an 'any' type.
components/hello-wave.tsx(1,22): error TS2307: Cannot find module 'react-native-reanimated' or its corresponding type declarations.
components/home/AuraProgressBar.tsx(1,34): error TS2307: Cannot find module 'react-native' or its corresponding type declarations.
components/home/AuraProgressBar.tsx(2,26): error TS2307: Cannot find module '@expo/vector-icons' or its corresponding type declarations.
components/home/ChallengeCard.tsx(1,63): error TS2307: Cannot find module 'react-native' or its corresponding type declarations.
components/home/ChallengeCard.tsx(2,26): error TS2307: Cannot find module '@expo/vector-icons' or its corresponding type declarations.
components/home/Header.tsx(1,28): error TS2307: Cannot find module 'react-native' or its corresponding type declarations.
components/home/TabSwitcher.tsx(1,52): error TS2307: Cannot find module 'react-native' or its corresponding type declarations.
components/parallax-scroll-view.tsx(1,54): error TS2307: Cannot find module 'react' or its corresponding type declarations.
components/parallax-scroll-view.tsx(2,28): error TS2307: Cannot find module 'react-native' or its corresponding type declarations.
components/parallax-scroll-view.tsx(8,8): error TS2307: Cannot find module 'react-native-reanimated' or its corresponding type declarations.
components/themed-text.tsx(1,50): error TS2307: Cannot find module 'react-native' or its corresponding type declarations.
components/themed-view.tsx(1,38): error TS2307: Cannot find module 'react-native' or its corresponding type declarations.
components/ui/collapsible.tsx(1,45): error TS2307: Cannot find module 'react' or its corresponding type declarations.
components/ui/collapsible.tsx(2,46): error TS2307: Cannot find module 'react-native' or its corresponding type declarations.
components/ui/collapsible.tsx(18,35): error TS7006: Parameter 'value' implicitly has an 'any' type.
components/ui/icon-symbol.ios.tsx(1,59): error TS2307: Cannot find module 'expo-symbols' or its corresponding type declarations.
components/ui/icon-symbol.ios.tsx(2,38): error TS2307: Cannot find module 'react-native' or its corresponding type declarations.
components/ui/icon-symbol.tsx(3,27): error TS2307: Cannot find module '@expo/vector-icons/MaterialIcons' or its corresponding type declarations.
components/ui/icon-symbol.tsx(4,47): error TS2307: Cannot find module 'expo-symbols' or its corresponding type declarations.
components/ui/icon-symbol.tsx(5,32): error TS2307: Cannot find module 'react' or its corresponding type declarations.
components/ui/icon-symbol.tsx(6,66): error TS2307: Cannot find module 'react-native' or its corresponding type declarations.
constants/theme.ts(6,26): error TS2307: Cannot find module 'react-native' or its corresponding type declarations.
hooks/use-color-scheme.ts(1,32): error TS2307: Cannot find module 'react-native' or its corresponding type declarations.
hooks/use-color-scheme.web.ts(1,37): error TS2307: Cannot find module 'react' or its corresponding type declarations.
hooks/use-color-scheme.web.ts(2,52): error TS2307: Cannot find module 'react-native' or its corresponding type declarations.
hooks/use-theme-color.ts(14,26): error TS7053: Element implicitly has an 'any' type because expression of type 'any' can't be used to index type '{ light?: string | undefined; dark?: string | undefined; }'.
hooks/use-theme-color.ts(19,12): error TS7053: Element implicitly has an 'any' type because expression of type 'any' can't be used to index type '{ light: { text: string; background: string; tint: string; icon: string; tabIconDefault: string; tabIconSelected: string; }; dark: { text: string; background: string; tint: string; icon: string; tabIconDefault: string; tabIconSelected: string; }; }'.
lib/supabase.ts(2,23): error TS2307: Cannot find module 'expo-constants' or its corresponding type declarations.
tsconfig.json(2,14): error TS6053: File 'expo/tsconfig.base' not found.
